// Jest Snapshot v1, https://goo.gl/fbAQLP

exports[`.toBeFasterThan fails when not given a function () 1`] = `" is not a function"`;

exports[`.toBeFasterThan fails when not given a function ([object Object]) 1`] = `"[object Object] is not a function"`;

exports[`.toBeFasterThan fails when not given a function (NaN) 1`] = `"NaN is not a function"`;

exports[`.toBeFasterThan fails when not given a function (false) 1`] = `"false is not a function"`;

exports[`.toBeFasterThan fails when not given a function (null) 1`] = `"null is not a function"`;

exports[`.toBeFasterThan fails when not given a function (undefined) 1`] = `"undefined is not a function"`;
